MOZA test successful